app/products/page.tsx(3,19): error TS6142: Module '../components/blur-image' was resolved to 'C:/Users/bhatt/Desktop/Projects/furnitureworld/app/components/blur-image.tsx', but '--jsx' is not set.
app/products/page.tsx(4,24): error TS6142: Module '../components/text-reveal' was resolved to 'C:/Users/bhatt/Desktop/Projects/furnitureworld/app/components/text-reveal.tsx', but '--jsx' is not set.
app/products/page.tsx(5,26): error TS6142: Module '../components/scroll-reveal' was resolved to 'C:/Users/bhatt/Desktop/Projects/furnitureworld/app/components/scroll-reveal.tsx', but '--jsx' is not set.
app/products/page.tsx(10,9): error TS17004: Cannot use JSX unless the '--jsx' flag is provided.
app/products/page.tsx(12,13): error TS17004: Cannot use JSX unless the '--jsx' flag is provided.
app/products/page.tsx(13,17): error TS17004: Cannot use JSX unless the '--jsx' flag is provided.
app/products/page.tsx(24,13): error TS17004: Cannot use JSX unless the '--jsx' flag is provided.
app/products/page.tsx(27,17): error TS17004: Cannot use JSX unless the '--jsx' flag is provided.
app/products/page.tsx(28,21): error TS17004: Cannot use JSX unless the '--jsx' flag is provided.
app/products/page.tsx(29,25): error TS17004: Cannot use JSX unless the '--jsx' flag is provided.
app/products/page.tsx(30,25): error TS17004: Cannot use JSX unless the '--jsx' flag is provided.
app/products/page.tsx(33,21): error TS17004: Cannot use JSX unless the '--jsx' flag is provided.
app/products/page.tsx(34,25): error TS17004: Cannot use JSX unless the '--jsx' flag is provided.
app/products/page.tsx(41,17): error TS17004: Cannot use JSX unless the '--jsx' flag is provided.
app/products/page.tsx(42,21): error TS17004: Cannot use JSX unless the '--jsx' flag is provided.
app/products/page.tsx(43,25): error TS17004: Cannot use JSX unless the '--jsx' flag is provided.
app/products/page.tsx(44,29): error TS17004: Cannot use JSX unless the '--jsx' flag is provided.
app/products/page.tsx(44,65): error TS17004: Cannot use JSX unless the '--jsx' flag is provided.
app/products/page.tsx(45,29): error TS17004: Cannot use JSX unless the '--jsx' flag is provided.
app/products/page.tsx(45,55): error TS17004: Cannot use JSX unless the '--jsx' flag is provided.
app/products/page.tsx(46,29): error TS17004: Cannot use JSX unless the '--jsx' flag is provided.
node_modules/next/dist/client/link.d.ts(1,8): error TS1259: Module '"C:/Users/bhatt/Desktop/Projects/furnitureworld/node_modules/@types/react/index"' can only be default-imported using the 'esModuleInterop' flag
